nvfbc_nvenc_direct frames=2400 output=target\nvfbc_nvenc_422_2400f_run1.hevc chroma=422 qp=27
d3d9_adapter=0 vendor=0x10de device=0x2b85 description=NVIDIA GeForce RTX 5090
d3d9_create_device hr=0x00000000
display_refresh numerator=240 denominator=1 source=EnumDisplaySettingsW
nvfbc_create status=0 width=3840 height=2160 interface=0x00000000094ede30
surface_create format=A2B10G10R10 hr=0x00000000 ptr=0x0000000009358df8
nvfbc_setup status=0 format=ARGB10 hdr_request=true
nvenc_stage=get_max_supported_version status=0(NV_ENC_SUCCESS)
nvenc_api requested=0x0000000d max_supported=0x000000d1
nvenc_stage=create_instance status=0(NV_ENC_SUCCESS)
nvenc_stage=open_d3d9_session status=0(NV_ENC_SUCCESS)
nvenc_stage=get_input_format_count status=0(NV_ENC_SUCCESS)
nvenc_stage=get_input_formats status=0(NV_ENC_SUCCESS)
nvenc_input_formats count=16 abgr10_supported=true
nvenc_stage=get_profile_count status=0(NV_ENC_SUCCESS)
nvenc_stage=get_profiles status=0(NV_ENC_SUCCESS)
nvenc_stage=cap_10bit status=0(NV_ENC_SUCCESS)
nvenc_stage=cap_yuv422 status=0(NV_ENC_SUCCESS)
nvenc_stage=cap_yuv444 status=0(NV_ENC_SUCCESS)
nvenc_stage=cap_width_max status=0(NV_ENC_SUCCESS)
nvenc_stage=cap_height_max status=0(NV_ENC_SUCCESS)
route_caps_json={"schema":1,"device_api":"D3D9Ex","codec":"HEVC","input_format":"ABGR10","hevc":true,"abgr10_input":true,"main10_profile":true,"frext_profile":true,"ten_bit":true,"yuv422":true,"yuv444":true,"max_width":8192,"max_height":8192,"routes":{"420":true,"422":true,"444":true},"lookahead":false}
requested_route_supported=true chroma=422 width=3840 height=2160
nvenc_stage=get_preset_config status=0(NV_ENC_SUCCESS)
nvenc_stage=initialize_hevc_10bit status=0(NV_ENC_SUCCESS)
nvenc_stage=register_nvfbc_d3d9_surface status=0(NV_ENC_SUCCESS)
nvenc_stage=create_bitstream status=0(NV_ENC_SUCCESS)
direct_encode_summary chroma=422 requested=2400 completed=2400 elapsed_ms=10025.692 fps=239.385 bytes=2440810 mapped_format=0x20000000 first_frame_latency_us=3354 steady_source_fps=239.446 vblank_wait_p50_us=1539 vblank_wait_p95_us=1755 source_interval_p50_us=4166 source_interval_p95_us=4272 source_interval_max_us=11676 source_long_intervals=5 grab_p50_us=153 grab_p95_us=262 encode_p50_us=2445 encode_p95_us=2803 encode_max_us=9707 explicit_gpu_copies=0 output=target\nvfbc_nvenc_422_2400f_run1.hevc
